patching file src/value/impl_tensor/copy.rs
     Locking 1 package to latest Rust 1.99.0-nightly compatible version
      Adding ort v2.0.0-rc.13 (/tmp/sam3-copy-repro.NBfyAB/ort-patched)
   Compiling proc-macro2 v1.0.107
   Compiling cfg-if v1.0.5
   Compiling unicode-ident v1.0.26
   Compiling quote v1.0.47
   Compiling simd-adler32 v0.3.10
   Compiling crc32fast v1.5.2
   Compiling autocfg v1.5.1
   Compiling adler2 v2.0.1
   Compiling memchr v2.8.3
   Compiling zerocopy v0.8.57
   Compiling zmij v1.0.23
   Compiling serde_core v1.0.229
   Compiling ort-sys v2.0.0-rc.13
   Compiling zune-core v0.5.3
   Compiling anyhow v1.0.104
   Compiling regex-syntax v0.8.11
   Compiling bitflags v2.13.2
   Compiling pxfm v0.1.30
   Compiling serde_json v1.0.151
   Compiling smallvec v1.16.1
   Compiling libloading v0.9.0
   Compiling bytemuck v1.25.2
   Compiling miniz_oxide v0.9.1
   Compiling fdeflate v0.3.7
   Compiling miniz_oxide v0.8.9
   Compiling zune-jpeg v0.5.15
   Compiling byteorder-lite v0.1.0
   Compiling itoa v1.0.18
   Compiling onnx-rs v0.1.2
   Compiling static_assertions v1.1.0
   Compiling num-traits v0.2.19
   Compiling aho-corasick v1.1.5
   Compiling flate2 v1.1.10
   Compiling syn v2.0.119
   Compiling png v0.18.1
   Compiling regex-automata v0.4.18
   Compiling moxcms v0.8.1
   Compiling zerocopy-derive v0.8.57
   Compiling regex v1.13.1
   Compiling image v0.25.10
   Compiling half v2.7.1
   Compiling ort v2.0.0-rc.13 (/tmp/sam3-copy-repro.NBfyAB/ort-patched)
warning: unused macro definition: `debug`
  --> ort-patched/src/logging.rs:49:14
   |
49 | macro_rules! debug {
   |              ^^^^^
   |
   = note: `#[warn(unused_macros)]` (part of `#[warn(unused)]`) on by default

warning: unused import: `format`
 --> ort-patched/src/value/impl_tensor/copy.rs:5:2
  |
5 |     format,
  |     ^^^^^^
  |
  = note: `#[warn(unused_imports)]` (part of `#[warn(unused)]`) on by default

warning: unused import: `debug`
  --> ort-patched/src/lib.rs:73:32
   |
73 | pub(crate) use self::logging::{debug, error, info, trace, warning as warn};
   |                                ^^^^^

warning: associated function `from_raw` is never used
   --> ort-patched/src/value/type.rs:323:23
    |
310 | impl Outlet {
    | ----------- associated function in this implementation
...
323 |     pub(crate) unsafe fn from_raw(raw: NonNull<ort_sys::OrtValueInfo>, drop: bool) -> Result<Self> {
    |                          ^^^^^^^^
    |
    = note: `#[warn(dead_code)]` (part of `#[warn(unused)]`) on by default

   Compiling safe-inference v0.1.0 (/tmp/sam3-copy-repro.NBfyAB)
warning: type alias `CuContext` is never used
  --> src/cuda_transfer.rs:16:6
   |
16 | type CuContext = *mut c_void;
   |      ^^^^^^^^^
   |
   = note: `#[warn(dead_code)]` (part of `#[warn(unused)]`) on by default

warning: type alias `PointerAttribute` is never used
  --> src/cuda_transfer.rs:17:6
   |
17 | type PointerAttribute = unsafe extern "system" fn(*mut c_void, c_int, u64) -> c_int;
   |      ^^^^^^^^^^^^^^^^

warning: type alias `ContextPush` is never used
  --> src/cuda_transfer.rs:18:6
   |
18 | type ContextPush = unsafe extern "system" fn(CuContext) -> c_int;
   |      ^^^^^^^^^^^

warning: type alias `ContextPop` is never used
  --> src/cuda_transfer.rs:19:6
   |
19 | type ContextPop = unsafe extern "system" fn(*mut CuContext) -> c_int;
   |      ^^^^^^^^^^

warning: type alias `ContextDevice` is never used
  --> src/cuda_transfer.rs:20:6
   |
20 | type ContextDevice = unsafe extern "system" fn(*mut c_int) -> c_int;
   |      ^^^^^^^^^^^^^

warning: type alias `ContextSync` is never used
  --> src/cuda_transfer.rs:21:6
   |
21 | type ContextSync = unsafe extern "system" fn() -> c_int;
   |      ^^^^^^^^^^^

warning: type alias `Upload` is never used
  --> src/cuda_transfer.rs:22:6
   |
22 | type Upload = unsafe extern "system" fn(u64, *const c_void, usize, *mut c_void) -> c_int;
   |      ^^^^^^

warning: type alias `Download` is never used
  --> src/cuda_transfer.rs:23:6
   |
23 | type Download = unsafe extern "system" fn(*mut c_void, u64, usize, *mut c_void) -> c_int;
   |      ^^^^^^^^

warning: type alias `StreamSync` is never used
  --> src/cuda_transfer.rs:24:6
   |
24 | type StreamSync = unsafe extern "system" fn(*mut c_void) -> c_int;
   |      ^^^^^^^^^^

warning: type alias `ErrorName` is never used
  --> src/cuda_transfer.rs:25:6
   |
25 | type ErrorName = unsafe extern "system" fn(c_int, *mut *const c_char) -> c_int;
   |      ^^^^^^^^^

warning: struct `Driver` is never constructed
  --> src/cuda_transfer.rs:27:8
   |
27 | struct Driver {
   |        ^^^^^^

warning: associated items `load` and `check` are never used
  --> src/cuda_transfer.rs:41:8
   |
40 | impl Driver {
   | ----------- associated items in this implementation
41 |     fn load() -> Result<Self> {
   |        ^^^^
...
70 |     fn check(&self, status: c_int, operation: &str) -> Result<()> {
   |        ^^^^^

warning: static `DRIVER` is never used
  --> src/cuda_transfer.rs:88:8
   |
88 | static DRIVER: OnceLock<Result<Driver>> = OnceLock::new();
   |        ^^^^^^

warning: struct `ContextScope` is never constructed
  --> src/cuda_transfer.rs:90:8
   |
90 | struct ContextScope<'a> {
   |        ^^^^^^^^^^^^

warning: method `restore` is never used
  --> src/cuda_transfer.rs:96:8
   |
95 | impl ContextScope<'_> {
   | --------------------- method in this implementation
96 |     fn restore(mut self) -> Result<()> {
   |        ^^^^^^^

warning: function `checked_bytes` is never used
   --> src/cuda_transfer.rs:119:4
    |
119 | fn checked_bytes(shape: &[i64], dtype: &TensorElementType) -> Result<usize> {
    |    ^^^^^^^^^^^^^

warning: function `upload` is never used
   --> src/cuda_transfer.rs:138:15
    |
138 | pub(crate) fn upload<'a>(
    |               ^^^^^^

warning: function `download` is never used
   --> src/cuda_transfer.rs:145:15
    |
145 | pub(crate) fn download<'a>(
    |               ^^^^^^^^

warning: function `validate` is never used
   --> src/cuda_transfer.rs:152:4
    |
152 | fn validate(source: &DynTensor, target: &DynTensor, device_id: i32, upload: bool) -> Result<usize> {
    |    ^^^^^^^^

warning: function `pointer_context` is never used
   --> src/cuda_transfer.rs:178:4
    |
178 | fn pointer_context(driver: &Driver, pointer: u64) -> Result<CuContext> {
    |    ^^^^^^^^^^^^^^^

warning: function `copy_batch` is never used
   --> src/cuda_transfer.rs:190:4
    |
190 | fn copy_batch<'a>(
    |    ^^^^^^^^^^

warning: `ort` (lib) generated 4 warnings (run `cargo fix --lib -p ort` to apply 2 suggestions)
warning: `safe-inference` (lib) generated 21 warnings
    Finished `release` profile [optimized] target(s) in 13.85s
Investigation directory: /tmp/sam3-copy-repro.NBfyAB
