Text encoder (once): 79.1 ms
samples/01b0493c_0818-n0_c1_00000_frame_00042.png: 56 masks; inference 1452.4 ms (image 952.4 ms, decoder 500.0 ms); /tmp/inference-direct-cuda/rendered/01b0493c_0818-n0_c1_00000_frame_00042.png.overlay.png
samples/03ff1e6a_2605050912338771.jpg: 69 masks; inference 1184.9 ms (image 921.6 ms, decoder 263.3 ms); /tmp/inference-direct-cuda/rendered/03ff1e6a_2605050912338771.jpg.overlay.png
samples/05a9a4c3_1326-n2_c2_00000_frame_000072.jpg: 10 masks; inference 1067.6 ms (image 848.5 ms, decoder 219.1 ms); /tmp/inference-direct-cuda/rendered/05a9a4c3_1326-n2_c2_00000_frame_000072.jpg.overlay.png
samples/06a09303_2604190914488370.jpg: 0 masks; inference 1008.2 ms (image 789.8 ms, decoder 218.4 ms); /tmp/inference-direct-cuda/rendered/06a09303_2604190914488370.jpg.overlay.png
samples/0a1566ee_0818-n0_c1_00000_frame_00040.png: 21 masks; inference 1054.5 ms (image 835.3 ms, decoder 219.2 ms); /tmp/inference-direct-cuda/rendered/0a1566ee_0818-n0_c1_00000_frame_00040.png.overlay.png
samples/0ac176be_1238-n0_c1_00000_frame_000280.jpg: 41 masks; inference 1086.1 ms (image 849.4 ms, decoder 236.7 ms); /tmp/inference-direct-cuda/rendered/0ac176be_1238-n0_c1_00000_frame_000280.jpg.overlay.png
samples/0ae79e99_2604181201546860.jpg: 1 masks; inference 1092.4 ms (image 859.1 ms, decoder 233.2 ms); /tmp/inference-direct-cuda/rendered/0ae79e99_2604181201546860.jpg.overlay.png
samples/0b3845b2_1326-n0_c2_00003_frame_000026.jpg: 17 masks; inference 1062.3 ms (image 837.4 ms, decoder 225.0 ms); /tmp/inference-direct-cuda/rendered/0b3845b2_1326-n0_c2_00003_frame_000026.jpg.overlay.png
samples/0c415109_1936-n3_c2_193943_024_frame_000019.png: 12 masks; inference 1033.6 ms (image 811.0 ms, decoder 222.6 ms); /tmp/inference-direct-cuda/rendered/0c415109_1936-n3_c2_193943_024_frame_000019.png.overlay.png
samples/0c5a5e9e_0625-n0_c1_00000_frame_000596.jpg: 65 masks; inference 1071.3 ms (image 839.3 ms, decoder 232.0 ms); /tmp/inference-direct-cuda/rendered/0c5a5e9e_0625-n0_c1_00000_frame_000596.jpg.overlay.png
samples/0dc772c4_2604200914214800.jpg: 24 masks; inference 1073.3 ms (image 850.0 ms, decoder 223.3 ms); /tmp/inference-direct-cuda/rendered/0dc772c4_2604200914214800.jpg.overlay.png
samples/0dff86ff_2604200913286530.jpg: 20 masks; inference 1044.0 ms (image 830.7 ms, decoder 213.3 ms); /tmp/inference-direct-cuda/rendered/0dff86ff_2604200913286530.jpg.overlay.png
samples/0e46ba29_1326-n0_c1_00001_frame_000050.jpg: 3 masks; inference 1033.1 ms (image 810.1 ms, decoder 223.0 ms); /tmp/inference-direct-cuda/rendered/0e46ba29_1326-n0_c1_00001_frame_000050.jpg.overlay.png
samples/0eac6d58_2605070925148110.jpg: 15 masks; inference 1040.6 ms (image 819.2 ms, decoder 221.4 ms); /tmp/inference-direct-cuda/rendered/0eac6d58_2605070925148110.jpg.overlay.png
samples/0f27410b_1326-n0_c2_00001_frame_000072.jpg: 3 masks; inference 1095.4 ms (image 869.8 ms, decoder 225.6 ms); /tmp/inference-direct-cuda/rendered/0f27410b_1326-n0_c2_00001_frame_000072.jpg.overlay.png
samples/0fb6290a_1936-n0_c2_193959_021_frame_000016.png: 61 masks; inference 1096.8 ms (image 865.5 ms, decoder 231.3 ms); /tmp/inference-direct-cuda/rendered/0fb6290a_1936-n0_c2_193959_021_frame_000016.png.overlay.png
samples/1b64ab9d_1116-n0_c2_00000_frame_000096.jpg: 7 masks; inference 1027.5 ms (image 806.7 ms, decoder 220.8 ms); /tmp/inference-direct-cuda/rendered/1b64ab9d_1116-n0_c2_00000_frame_000096.jpg.overlay.png
samples/1cf824b8_n10_c1_00001_frame_000046.jpg: 2 masks; inference 1032.5 ms (image 808.7 ms, decoder 223.7 ms); /tmp/inference-direct-cuda/rendered/1cf824b8_n10_c1_00001_frame_000046.jpg.overlay.png
samples/1d311b92_2604200917578950.jpg: 10 masks; inference 1057.7 ms (image 823.1 ms, decoder 234.5 ms); /tmp/inference-direct-cuda/rendered/1d311b92_2604200917578950.jpg.overlay.png
samples/1da814dc_n10_c1_00002_frame_000034.jpg: 3 masks; inference 1086.9 ms (image 857.9 ms, decoder 229.0 ms); /tmp/inference-direct-cuda/rendered/1da814dc_n10_c1_00002_frame_000034.jpg.overlay.png
samples/1dbf3363_2604200915190661.jpg: 6 masks; inference 1047.1 ms (image 831.7 ms, decoder 215.4 ms); /tmp/inference-direct-cuda/rendered/1dbf3363_2604200915190661.jpg.overlay.png
samples/1e5af727_1936-n0_c1_193626_043_frame_000017.png: 39 masks; inference 1052.4 ms (image 825.9 ms, decoder 226.4 ms); /tmp/inference-direct-cuda/rendered/1e5af727_1936-n0_c1_193626_043_frame_000017.png.overlay.png
samples/1e65b0f7_2604200914259531.jpg: 17 masks; inference 1065.1 ms (image 838.7 ms, decoder 226.5 ms); /tmp/inference-direct-cuda/rendered/1e65b0f7_2604200914259531.jpg.overlay.png
samples/1e7d7d01_2604181201356420.jpg: 0 masks; inference 1098.3 ms (image 868.8 ms, decoder 229.6 ms); /tmp/inference-direct-cuda/rendered/1e7d7d01_2604181201356420.jpg.overlay.png
samples/1eb37272_0625-n0_c1_00000_frame_000440.jpg: 35 masks; inference 1096.6 ms (image 868.6 ms, decoder 228.0 ms); /tmp/inference-direct-cuda/rendered/1eb37272_0625-n0_c1_00000_frame_000440.jpg.overlay.png
samples/1f031c7e_2604260947510440.jpg: 56 masks; inference 1019.1 ms (image 799.7 ms, decoder 219.4 ms); /tmp/inference-direct-cuda/rendered/1f031c7e_2604260947510440.jpg.overlay.png
samples/1f2ae027_1326-n0_c1_00001_frame_000083.jpg: 4 masks; inference 1037.5 ms (image 806.8 ms, decoder 230.7 ms); /tmp/inference-direct-cuda/rendered/1f2ae027_1326-n0_c1_00001_frame_000083.jpg.overlay.png
samples/2a4931bc_2604261709427660.jpg: 44 masks; inference 1080.9 ms (image 851.5 ms, decoder 229.4 ms); /tmp/inference-direct-cuda/rendered/2a4931bc_2604261709427660.jpg.overlay.png
samples/2aa57c82_2604200913340661.jpg: 22 masks; inference 1099.8 ms (image 862.8 ms, decoder 237.0 ms); /tmp/inference-direct-cuda/rendered/2aa57c82_2604200913340661.jpg.overlay.png
samples/2ac7c309_n10_c1_00008_frame_000044.jpg: 0 masks; inference 1092.3 ms (image 872.6 ms, decoder 219.7 ms); /tmp/inference-direct-cuda/rendered/2ac7c309_n10_c1_00008_frame_000044.jpg.overlay.png
samples/2b2813ba_1158-n0_c2_00000_frame_00125.png: 3 masks; inference 1026.5 ms (image 812.9 ms, decoder 213.6 ms); /tmp/inference-direct-cuda/rendered/2b2813ba_1158-n0_c2_00000_frame_00125.png.overlay.png
samples/2b5670d7_1326-n0_c2_00001_frame_000141.jpg: 7 masks; inference 1029.0 ms (image 808.2 ms, decoder 220.8 ms); /tmp/inference-direct-cuda/rendered/2b5670d7_1326-n0_c2_00001_frame_000141.jpg.overlay.png
samples/2b61ecf5_1738-n2_c2_173839_040_frame_000026.png: 11 masks; inference 1122.9 ms (image 870.3 ms, decoder 252.6 ms); /tmp/inference-direct-cuda/rendered/2b61ecf5_1738-n2_c2_173839_040_frame_000026.png.overlay.png
samples/2bc2a460_1326-n1_c1_00001_frame_000116.jpg: 8 masks; inference 1083.0 ms (image 858.0 ms, decoder 225.0 ms); /tmp/inference-direct-cuda/rendered/2bc2a460_1326-n1_c1_00001_frame_000116.jpg.overlay.png
samples/2c07d5bf_1326-n0_c1_00001_frame_000097.jpg: 13 masks; inference 1060.2 ms (image 829.2 ms, decoder 231.0 ms); /tmp/inference-direct-cuda/rendered/2c07d5bf_1326-n0_c1_00001_frame_000097.jpg.overlay.png
samples/2d823111_2604260945207991.jpg: 66 masks; inference 1032.3 ms (image 808.4 ms, decoder 223.8 ms); /tmp/inference-direct-cuda/rendered/2d823111_2604260945207991.jpg.overlay.png
samples/2e02de25_2015-n0_c1_201707_042_frame_000000.png: 4 masks; inference 1065.8 ms (image 837.9 ms, decoder 227.9 ms); /tmp/inference-direct-cuda/rendered/2e02de25_2015-n0_c1_201707_042_frame_000000.png.overlay.png
samples/2eb51cc4_1116-n0_c2_00000_frame_000094.jpg: 7 masks; inference 1081.4 ms (image 855.2 ms, decoder 226.2 ms); /tmp/inference-direct-cuda/rendered/2eb51cc4_1116-n0_c2_00000_frame_000094.jpg.overlay.png
samples/2f13e961_2604260943093540.jpg: 49 masks; inference 1038.9 ms (image 818.7 ms, decoder 220.2 ms); /tmp/inference-direct-cuda/rendered/2f13e961_2604260943093540.jpg.overlay.png
samples/3a60f009_1326-n1_c1_00000_frame_000055.jpg: 8 masks; inference 1030.4 ms (image 811.1 ms, decoder 219.3 ms); /tmp/inference-direct-cuda/rendered/3a60f009_1326-n1_c1_00000_frame_000055.jpg.overlay.png
samples/3a6263c2_0625-n0_c1_00000_frame_000192.jpg: 41 masks; inference 1042.2 ms (image 817.4 ms, decoder 224.8 ms); /tmp/inference-direct-cuda/rendered/3a6263c2_0625-n0_c1_00000_frame_000192.jpg.overlay.png
samples/3af0edff_1326-n0_c2_00002_frame_000002.jpg: 2 masks; inference 1101.3 ms (image 866.9 ms, decoder 234.4 ms); /tmp/inference-direct-cuda/rendered/3af0edff_1326-n0_c2_00002_frame_000002.jpg.overlay.png
samples/3bc04483_n10_c1_00000_frame_000108.jpg: 1 masks; inference 1065.8 ms (image 841.0 ms, decoder 224.9 ms); /tmp/inference-direct-cuda/rendered/3bc04483_n10_c1_00000_frame_000108.jpg.overlay.png
samples/3d33922e_1116-n0_c2_00000_frame_000216.jpg: 11 masks; inference 1031.7 ms (image 803.9 ms, decoder 227.8 ms); /tmp/inference-direct-cuda/rendered/3d33922e_1116-n0_c2_00000_frame_000216.jpg.overlay.png
samples/3d6ed3c9_n10_c1_00003_frame_000042.jpg: 2 masks; inference 1040.7 ms (image 821.7 ms, decoder 219.0 ms); /tmp/inference-direct-cuda/rendered/3d6ed3c9_n10_c1_00003_frame_000042.jpg.overlay.png
samples/3e885e4f_1226-n0_c1_00000_frame_000212.jpg: 12 masks; inference 1116.9 ms (image 873.7 ms, decoder 243.2 ms); /tmp/inference-direct-cuda/rendered/3e885e4f_1226-n0_c1_00000_frame_000212.jpg.overlay.png
samples/3eb41393_1326-n0_c1_00001_frame_000096.jpg: 16 masks; inference 1107.8 ms (image 874.8 ms, decoder 233.0 ms); /tmp/inference-direct-cuda/rendered/3eb41393_1326-n0_c1_00001_frame_000096.jpg.overlay.png
samples/3f149af4_n0_c1_00000 (1)_frame_000002.jpg: 7 masks; inference 1102.2 ms (image 864.5 ms, decoder 237.8 ms); /tmp/inference-direct-cuda/rendered/3f149af4_n0_c1_00000 (1)_frame_000002.jpg.overlay.png
samples/3f3c650a_2604200914542571.jpg: 17 masks; inference 1051.2 ms (image 822.4 ms, decoder 228.8 ms); /tmp/inference-direct-cuda/rendered/3f3c650a_2604200914542571.jpg.overlay.png
samples/3f437e7b_1326-n0_c1_00001_frame_000157.jpg: 12 masks; inference 1046.3 ms (image 820.9 ms, decoder 225.4 ms); /tmp/inference-direct-cuda/rendered/3f437e7b_1326-n0_c1_00001_frame_000157.jpg.overlay.png
samples/3fd5173f_1326-n0_c1_00002_frame_000090.jpg: 12 masks; inference 1104.9 ms (image 867.1 ms, decoder 237.8 ms); /tmp/inference-direct-cuda/rendered/3fd5173f_1326-n0_c1_00002_frame_000090.jpg.overlay.png
samples/3fe6ed98_n10_c1_00003_frame_000050.jpg: 2 masks; inference 1059.3 ms (image 834.9 ms, decoder 224.4 ms); /tmp/inference-direct-cuda/rendered/3fe6ed98_n10_c1_00003_frame_000050.jpg.overlay.png
samples/4a1df98b_2604200913264350.jpg: 11 masks; inference 1044.5 ms (image 818.1 ms, decoder 226.4 ms); /tmp/inference-direct-cuda/rendered/4a1df98b_2604200913264350.jpg.overlay.png
samples/4a77a699_1238-n0_c2_00000_frame_000210.jpg: 11 masks; inference 1041.7 ms (image 823.4 ms, decoder 218.3 ms); /tmp/inference-direct-cuda/rendered/4a77a699_1238-n0_c2_00000_frame_000210.jpg.overlay.png
samples/4ac260b2_1226-n0_c1_00000_frame_000270.jpg: 18 masks; inference 1056.3 ms (image 835.5 ms, decoder 220.8 ms); /tmp/inference-direct-cuda/rendered/4ac260b2_1226-n0_c1_00000_frame_000270.jpg.overlay.png
samples/4b5e519d_0625-n0_c1_00000_frame_000436.jpg: 32 masks; inference 1065.5 ms (image 844.1 ms, decoder 221.4 ms); /tmp/inference-direct-cuda/rendered/4b5e519d_0625-n0_c1_00000_frame_000436.jpg.overlay.png
samples/4ebdac47_2604271052375050.jpg: 35 masks; inference 1013.7 ms (image 796.7 ms, decoder 217.0 ms); /tmp/inference-direct-cuda/rendered/4ebdac47_2604271052375050.jpg.overlay.png
samples/4ec78052_2015-n0_c1_201929_041_frame_000010.png: 12 masks; inference 1005.4 ms (image 791.7 ms, decoder 213.7 ms); /tmp/inference-direct-cuda/rendered/4ec78052_2015-n0_c1_201929_041_frame_000010.png.overlay.png
samples/4f9030dc_2604200915401240.jpg: 33 masks; inference 1012.2 ms (image 787.8 ms, decoder 224.5 ms); /tmp/inference-direct-cuda/rendered/4f9030dc_2604200915401240.jpg.overlay.png
samples/4fad083f_n10_c1_00003_frame_000044.jpg: 13 masks; inference 1067.9 ms (image 841.8 ms, decoder 226.1 ms); /tmp/inference-direct-cuda/rendered/4fad083f_n10_c1_00003_frame_000044.jpg.overlay.png
samples/5a90ef1f_2605080908462660.jpg: 36 masks; inference 1030.2 ms (image 816.8 ms, decoder 213.3 ms); /tmp/inference-direct-cuda/rendered/5a90ef1f_2605080908462660.jpg.overlay.png
samples/5f570347_1326-n0_c2_00002_frame_000040.jpg: 5 masks; inference 983.9 ms (image 777.2 ms, decoder 206.6 ms); /tmp/inference-direct-cuda/rendered/5f570347_1326-n0_c2_00002_frame_000040.jpg.overlay.png
samples/6aae4621_0625-n0_c1_00000_frame_000144.jpg: 73 masks; inference 1021.1 ms (image 797.1 ms, decoder 224.0 ms); /tmp/inference-direct-cuda/rendered/6aae4621_0625-n0_c1_00000_frame_000144.jpg.overlay.png
samples/6ad5e979_1326-n0_c1_00001_frame_000178.jpg: 10 masks; inference 1033.9 ms (image 812.3 ms, decoder 221.6 ms); /tmp/inference-direct-cuda/rendered/6ad5e979_1326-n0_c1_00001_frame_000178.jpg.overlay.png
samples/6af08969_1326-n2_c2_00000_frame_000056.jpg: 18 masks; inference 1058.6 ms (image 832.7 ms, decoder 225.9 ms); /tmp/inference-direct-cuda/rendered/6af08969_1326-n2_c2_00000_frame_000056.jpg.overlay.png
samples/6c0be03f_1226-n0_c1_00000_frame_000422.jpg: 24 masks; inference 1022.7 ms (image 807.1 ms, decoder 215.6 ms); /tmp/inference-direct-cuda/rendered/6c0be03f_1226-n0_c1_00000_frame_000422.jpg.overlay.png
samples/6d2dc069_1936-n0_c1_193626_043_frame_000038.png: 40 masks; inference 1017.6 ms (image 795.9 ms, decoder 221.7 ms); /tmp/inference-direct-cuda/rendered/6d2dc069_1936-n0_c1_193626_043_frame_000038.png.overlay.png
samples/6dacbb03_1326-n2_c2_00000_frame_000086.jpg: 27 masks; inference 1036.3 ms (image 808.8 ms, decoder 227.5 ms); /tmp/inference-direct-cuda/rendered/6dacbb03_1326-n2_c2_00000_frame_000086.jpg.overlay.png
Average inference: 1063.9 ms/image (0.94 images/s; image 834.1 ms, decoder 229.8 ms)

MONITOR_EXIT_CODE=0
