     Locking 59 packages to latest Rust 1.99.0-nightly compatible versions
   Compiling proc-macro2 v1.0.107
    Checking cfg-if v1.0.5
   Compiling quote v1.0.47
   Compiling unicode-ident v1.0.26
    Checking simd-adler32 v0.3.10
   Compiling crc32fast v1.5.2
   Compiling autocfg v1.5.1
    Checking adler2 v2.0.1
    Checking memchr v2.8.3
   Compiling zerocopy v0.8.57
   Compiling zmij v1.0.23
   Compiling ort-sys v2.0.0-rc.13
   Compiling serde_core v1.0.229
   Compiling serde_json v1.0.151
    Checking bitflags v2.13.2
    Checking pxfm v0.1.30
    Checking regex-syntax v0.8.11
   Compiling anyhow v1.0.104
    Checking zune-core v0.5.3
    Checking bytemuck v1.25.2
    Checking libloading v0.9.0
    Checking byteorder-lite v0.1.0
    Checking smallvec v1.16.1
    Checking miniz_oxide v0.9.1
    Checking fdeflate v0.3.7
    Checking miniz_oxide v0.8.9
    Checking itoa v1.0.18
    Checking zune-jpeg v0.5.15
    Checking onnx-rs v0.1.2
   Compiling num-traits v0.2.19
    Checking aho-corasick v1.1.5
    Checking flate2 v1.1.10
    Checking png v0.18.1
   Compiling syn v2.0.119
    Checking regex-automata v0.4.18
    Checking moxcms v0.8.1
    Checking regex v1.13.1
   Compiling zerocopy-derive v0.8.57
    Checking image v0.25.10
    Checking half v2.7.1
    Checking ort v2.0.0-rc.13 (/home/hgtech/codes/inference/vendor/ort)
warning: unused macro definition: `debug`
  --> /home/hgtech/codes/inference/vendor/ort/src/logging.rs:49:14
   |
49 | macro_rules! debug {
   |              ^^^^^
   |
   = note: `#[warn(unused_macros)]` (part of `#[warn(unused)]`) on by default

warning: unused import: `format`
 --> /home/hgtech/codes/inference/vendor/ort/src/value/impl_tensor/copy.rs:5:2
  |
5 |     format,
  |     ^^^^^^
  |
  = note: `#[warn(unused_imports)]` (part of `#[warn(unused)]`) on by default

warning: unused import: `debug`
  --> /home/hgtech/codes/inference/vendor/ort/src/lib.rs:73:32
   |
73 | pub(crate) use self::logging::{debug, error, info, trace, warning as warn};
   |                                ^^^^^

warning: associated function `from_raw` is never used
   --> /home/hgtech/codes/inference/vendor/ort/src/value/type.rs:323:23
    |
310 | impl Outlet {
    | ----------- associated function in this implementation
...
323 |     pub(crate) unsafe fn from_raw(raw: NonNull<ort_sys::OrtValueInfo>, drop: bool) -> Result<Self> {
    |                          ^^^^^^^^
    |
    = note: `#[warn(dead_code)]` (part of `#[warn(unused)]`) on by default

warning: `ort` (lib) generated 4 warnings (run `cargo fix --lib -p ort` to apply 2 suggestions)
    Checking safe-inference v0.1.0 (/home/hgtech/codes/inference)
    Checking engine-path-consumer-check v0.0.0 (/tmp/inference-engine-patch/consumer)
    Finished `dev` profile [unoptimized + debuginfo] target(s) in 5.06s
