Text encoder (once): 97.9 ms
samples/01b0493c_0818-n0_c1_00000_frame_00042.png: 56 masks; inference 1477.9 ms (image 959.1 ms, decoder 518.8 ms); /tmp/inference-engine-patch/rendered/01b0493c_0818-n0_c1_00000_frame_00042.png.overlay.png
samples/03ff1e6a_2605050912338771.jpg: 69 masks; inference 1090.3 ms (image 862.1 ms, decoder 228.2 ms); /tmp/inference-engine-patch/rendered/03ff1e6a_2605050912338771.jpg.overlay.png
samples/05a9a4c3_1326-n2_c2_00000_frame_000072.jpg: 10 masks; inference 1089.5 ms (image 857.3 ms, decoder 232.1 ms); /tmp/inference-engine-patch/rendered/05a9a4c3_1326-n2_c2_00000_frame_000072.jpg.overlay.png
samples/06a09303_2604190914488370.jpg: 0 masks; inference 1040.6 ms (image 816.7 ms, decoder 223.8 ms); /tmp/inference-engine-patch/rendered/06a09303_2604190914488370.jpg.overlay.png
samples/0a1566ee_0818-n0_c1_00000_frame_00040.png: 21 masks; inference 1045.2 ms (image 822.6 ms, decoder 222.7 ms); /tmp/inference-engine-patch/rendered/0a1566ee_0818-n0_c1_00000_frame_00040.png.overlay.png
samples/0ac176be_1238-n0_c1_00000_frame_000280.jpg: 41 masks; inference 1060.3 ms (image 830.1 ms, decoder 230.2 ms); /tmp/inference-engine-patch/rendered/0ac176be_1238-n0_c1_00000_frame_000280.jpg.overlay.png
samples/0ae79e99_2604181201546860.jpg: 1 masks; inference 1078.3 ms (image 840.4 ms, decoder 238.0 ms); /tmp/inference-engine-patch/rendered/0ae79e99_2604181201546860.jpg.overlay.png
samples/0b3845b2_1326-n0_c2_00003_frame_000026.jpg: 17 masks; inference 1085.5 ms (image 859.8 ms, decoder 225.7 ms); /tmp/inference-engine-patch/rendered/0b3845b2_1326-n0_c2_00003_frame_000026.jpg.overlay.png
samples/0c415109_1936-n3_c2_193943_024_frame_000019.png: 12 masks; inference 1046.6 ms (image 825.1 ms, decoder 221.5 ms); /tmp/inference-engine-patch/rendered/0c415109_1936-n3_c2_193943_024_frame_000019.png.overlay.png
samples/0c5a5e9e_0625-n0_c1_00000_frame_000596.jpg: 65 masks; inference 1056.2 ms (image 827.8 ms, decoder 228.5 ms); /tmp/inference-engine-patch/rendered/0c5a5e9e_0625-n0_c1_00000_frame_000596.jpg.overlay.png
samples/0dc772c4_2604200914214800.jpg: 24 masks; inference 1073.0 ms (image 842.9 ms, decoder 230.1 ms); /tmp/inference-engine-patch/rendered/0dc772c4_2604200914214800.jpg.overlay.png
samples/0dff86ff_2604200913286530.jpg: 20 masks; inference 1074.9 ms (image 847.1 ms, decoder 227.8 ms); /tmp/inference-engine-patch/rendered/0dff86ff_2604200913286530.jpg.overlay.png
samples/0e46ba29_1326-n0_c1_00001_frame_000050.jpg: 3 masks; inference 1021.2 ms (image 806.1 ms, decoder 215.1 ms); /tmp/inference-engine-patch/rendered/0e46ba29_1326-n0_c1_00001_frame_000050.jpg.overlay.png
samples/0eac6d58_2605070925148110.jpg: 15 masks; inference 1052.0 ms (image 824.3 ms, decoder 227.8 ms); /tmp/inference-engine-patch/rendered/0eac6d58_2605070925148110.jpg.overlay.png
samples/0f27410b_1326-n0_c2_00001_frame_000072.jpg: 3 masks; inference 1055.7 ms (image 827.1 ms, decoder 228.6 ms); /tmp/inference-engine-patch/rendered/0f27410b_1326-n0_c2_00001_frame_000072.jpg.overlay.png
samples/0fb6290a_1936-n0_c2_193959_021_frame_000016.png: 61 masks; inference 1102.8 ms (image 865.0 ms, decoder 237.8 ms); /tmp/inference-engine-patch/rendered/0fb6290a_1936-n0_c2_193959_021_frame_000016.png.overlay.png
samples/1b64ab9d_1116-n0_c2_00000_frame_000096.jpg: 7 masks; inference 1079.2 ms (image 852.8 ms, decoder 226.4 ms); /tmp/inference-engine-patch/rendered/1b64ab9d_1116-n0_c2_00000_frame_000096.jpg.overlay.png
samples/1cf824b8_n10_c1_00001_frame_000046.jpg: 2 masks; inference 1047.5 ms (image 825.8 ms, decoder 221.8 ms); /tmp/inference-engine-patch/rendered/1cf824b8_n10_c1_00001_frame_000046.jpg.overlay.png
samples/1d311b92_2604200917578950.jpg: 10 masks; inference 1058.1 ms (image 831.6 ms, decoder 226.5 ms); /tmp/inference-engine-patch/rendered/1d311b92_2604200917578950.jpg.overlay.png
samples/1da814dc_n10_c1_00002_frame_000034.jpg: 3 masks; inference 1081.8 ms (image 850.2 ms, decoder 231.6 ms); /tmp/inference-engine-patch/rendered/1da814dc_n10_c1_00002_frame_000034.jpg.overlay.png
samples/1dbf3363_2604200915190661.jpg: 6 masks; inference 1087.9 ms (image 857.4 ms, decoder 230.5 ms); /tmp/inference-engine-patch/rendered/1dbf3363_2604200915190661.jpg.overlay.png
samples/1e5af727_1936-n0_c1_193626_043_frame_000017.png: 39 masks; inference 1046.3 ms (image 824.5 ms, decoder 221.8 ms); /tmp/inference-engine-patch/rendered/1e5af727_1936-n0_c1_193626_043_frame_000017.png.overlay.png
samples/1e65b0f7_2604200914259531.jpg: 17 masks; inference 1060.3 ms (image 837.1 ms, decoder 223.3 ms); /tmp/inference-engine-patch/rendered/1e65b0f7_2604200914259531.jpg.overlay.png
samples/1e7d7d01_2604181201356420.jpg: 0 masks; inference 1069.4 ms (image 833.1 ms, decoder 236.3 ms); /tmp/inference-engine-patch/rendered/1e7d7d01_2604181201356420.jpg.overlay.png
samples/1eb37272_0625-n0_c1_00000_frame_000440.jpg: 35 masks; inference 1090.5 ms (image 846.4 ms, decoder 244.1 ms); /tmp/inference-engine-patch/rendered/1eb37272_0625-n0_c1_00000_frame_000440.jpg.overlay.png
samples/1f031c7e_2604260947510440.jpg: 56 masks; inference 1064.8 ms (image 841.0 ms, decoder 223.9 ms); /tmp/inference-engine-patch/rendered/1f031c7e_2604260947510440.jpg.overlay.png
samples/1f2ae027_1326-n0_c1_00001_frame_000083.jpg: 4 masks; inference 1058.0 ms (image 826.5 ms, decoder 231.5 ms); /tmp/inference-engine-patch/rendered/1f2ae027_1326-n0_c1_00001_frame_000083.jpg.overlay.png
samples/2a4931bc_2604261709427660.jpg: 44 masks; inference 1046.7 ms (image 822.8 ms, decoder 223.9 ms); /tmp/inference-engine-patch/rendered/2a4931bc_2604261709427660.jpg.overlay.png
samples/2aa57c82_2604200913340661.jpg: 22 masks; inference 1099.1 ms (image 867.4 ms, decoder 231.7 ms); /tmp/inference-engine-patch/rendered/2aa57c82_2604200913340661.jpg.overlay.png
samples/2ac7c309_n10_c1_00008_frame_000044.jpg: 0 masks; inference 1088.1 ms (image 866.3 ms, decoder 221.8 ms); /tmp/inference-engine-patch/rendered/2ac7c309_n10_c1_00008_frame_000044.jpg.overlay.png
samples/2b2813ba_1158-n0_c2_00000_frame_00125.png: 3 masks; inference 1043.9 ms (image 821.8 ms, decoder 222.1 ms); /tmp/inference-engine-patch/rendered/2b2813ba_1158-n0_c2_00000_frame_00125.png.overlay.png
samples/2b5670d7_1326-n0_c2_00001_frame_000141.jpg: 7 masks; inference 1054.5 ms (image 827.9 ms, decoder 226.6 ms); /tmp/inference-engine-patch/rendered/2b5670d7_1326-n0_c2_00001_frame_000141.jpg.overlay.png
samples/2b61ecf5_1738-n2_c2_173839_040_frame_000026.png: 11 masks; inference 1063.7 ms (image 833.4 ms, decoder 230.2 ms); /tmp/inference-engine-patch/rendered/2b61ecf5_1738-n2_c2_173839_040_frame_000026.png.overlay.png
samples/2bc2a460_1326-n1_c1_00001_frame_000116.jpg: 8 masks; inference 1096.9 ms (image 860.9 ms, decoder 236.0 ms); /tmp/inference-engine-patch/rendered/2bc2a460_1326-n1_c1_00001_frame_000116.jpg.overlay.png
samples/2c07d5bf_1326-n0_c1_00001_frame_000097.jpg: 13 masks; inference 1065.5 ms (image 842.0 ms, decoder 223.5 ms); /tmp/inference-engine-patch/rendered/2c07d5bf_1326-n0_c1_00001_frame_000097.jpg.overlay.png
samples/2d823111_2604260945207991.jpg: 66 masks; inference 1060.0 ms (image 833.3 ms, decoder 226.7 ms); /tmp/inference-engine-patch/rendered/2d823111_2604260945207991.jpg.overlay.png
samples/2e02de25_2015-n0_c1_201707_042_frame_000000.png: 4 masks; inference 1056.2 ms (image 831.7 ms, decoder 224.4 ms); /tmp/inference-engine-patch/rendered/2e02de25_2015-n0_c1_201707_042_frame_000000.png.overlay.png
samples/2eb51cc4_1116-n0_c2_00000_frame_000094.jpg: 7 masks; inference 1077.1 ms (image 845.7 ms, decoder 231.3 ms); /tmp/inference-engine-patch/rendered/2eb51cc4_1116-n0_c2_00000_frame_000094.jpg.overlay.png
samples/2f13e961_2604260943093540.jpg: 49 masks; inference 1077.1 ms (image 852.0 ms, decoder 225.1 ms); /tmp/inference-engine-patch/rendered/2f13e961_2604260943093540.jpg.overlay.png
samples/3a60f009_1326-n1_c1_00000_frame_000055.jpg: 8 masks; inference 1058.7 ms (image 830.7 ms, decoder 228.0 ms); /tmp/inference-engine-patch/rendered/3a60f009_1326-n1_c1_00000_frame_000055.jpg.overlay.png
samples/3a6263c2_0625-n0_c1_00000_frame_000192.jpg: 41 masks; inference 1059.1 ms (image 831.7 ms, decoder 227.4 ms); /tmp/inference-engine-patch/rendered/3a6263c2_0625-n0_c1_00000_frame_000192.jpg.overlay.png
samples/3af0edff_1326-n0_c2_00002_frame_000002.jpg: 2 masks; inference 1083.2 ms (image 844.1 ms, decoder 239.1 ms); /tmp/inference-engine-patch/rendered/3af0edff_1326-n0_c2_00002_frame_000002.jpg.overlay.png
samples/3bc04483_n10_c1_00000_frame_000108.jpg: 1 masks; inference 1091.8 ms (image 863.7 ms, decoder 228.1 ms); /tmp/inference-engine-patch/rendered/3bc04483_n10_c1_00000_frame_000108.jpg.overlay.png
samples/3d33922e_1116-n0_c2_00000_frame_000216.jpg: 11 masks; inference 1037.5 ms (image 816.0 ms, decoder 221.6 ms); /tmp/inference-engine-patch/rendered/3d33922e_1116-n0_c2_00000_frame_000216.jpg.overlay.png
samples/3d6ed3c9_n10_c1_00003_frame_000042.jpg: 2 masks; inference 1046.1 ms (image 823.9 ms, decoder 222.2 ms); /tmp/inference-engine-patch/rendered/3d6ed3c9_n10_c1_00003_frame_000042.jpg.overlay.png
samples/3e885e4f_1226-n0_c1_00000_frame_000212.jpg: 12 masks; inference 1048.1 ms (image 821.0 ms, decoder 227.1 ms); /tmp/inference-engine-patch/rendered/3e885e4f_1226-n0_c1_00000_frame_000212.jpg.overlay.png
samples/3eb41393_1326-n0_c1_00001_frame_000096.jpg: 16 masks; inference 1093.2 ms (image 857.5 ms, decoder 235.7 ms); /tmp/inference-engine-patch/rendered/3eb41393_1326-n0_c1_00001_frame_000096.jpg.overlay.png
samples/3f149af4_n0_c1_00000 (1)_frame_000002.jpg: 7 masks; inference 1080.8 ms (image 854.8 ms, decoder 226.0 ms); /tmp/inference-engine-patch/rendered/3f149af4_n0_c1_00000 (1)_frame_000002.jpg.overlay.png
samples/3f3c650a_2604200914542571.jpg: 17 masks; inference 1028.7 ms (image 811.2 ms, decoder 217.5 ms); /tmp/inference-engine-patch/rendered/3f3c650a_2604200914542571.jpg.overlay.png
samples/3f437e7b_1326-n0_c1_00001_frame_000157.jpg: 12 masks; inference 1052.9 ms (image 825.6 ms, decoder 227.3 ms); /tmp/inference-engine-patch/rendered/3f437e7b_1326-n0_c1_00001_frame_000157.jpg.overlay.png
samples/3fd5173f_1326-n0_c1_00002_frame_000090.jpg: 12 masks; inference 1081.7 ms (image 844.8 ms, decoder 236.9 ms); /tmp/inference-engine-patch/rendered/3fd5173f_1326-n0_c1_00002_frame_000090.jpg.overlay.png
samples/3fe6ed98_n10_c1_00003_frame_000050.jpg: 2 masks; inference 1079.8 ms (image 848.2 ms, decoder 231.6 ms); /tmp/inference-engine-patch/rendered/3fe6ed98_n10_c1_00003_frame_000050.jpg.overlay.png
samples/4a1df98b_2604200913264350.jpg: 11 masks; inference 1019.6 ms (image 802.2 ms, decoder 217.4 ms); /tmp/inference-engine-patch/rendered/4a1df98b_2604200913264350.jpg.overlay.png
samples/4a77a699_1238-n0_c2_00000_frame_000210.jpg: 11 masks; inference 1041.4 ms (image 819.0 ms, decoder 222.4 ms); /tmp/inference-engine-patch/rendered/4a77a699_1238-n0_c2_00000_frame_000210.jpg.overlay.png
samples/4ac260b2_1226-n0_c1_00000_frame_000270.jpg: 18 masks; inference 1031.5 ms (image 807.0 ms, decoder 224.5 ms); /tmp/inference-engine-patch/rendered/4ac260b2_1226-n0_c1_00000_frame_000270.jpg.overlay.png
samples/4b5e519d_0625-n0_c1_00000_frame_000436.jpg: 32 masks; inference 1084.1 ms (image 855.0 ms, decoder 229.1 ms); /tmp/inference-engine-patch/rendered/4b5e519d_0625-n0_c1_00000_frame_000436.jpg.overlay.png
samples/4ebdac47_2604271052375050.jpg: 35 masks; inference 1060.1 ms (image 840.3 ms, decoder 219.8 ms); /tmp/inference-engine-patch/rendered/4ebdac47_2604271052375050.jpg.overlay.png
samples/4ec78052_2015-n0_c1_201929_041_frame_000010.png: 12 masks; inference 1032.7 ms (image 813.2 ms, decoder 219.5 ms); /tmp/inference-engine-patch/rendered/4ec78052_2015-n0_c1_201929_041_frame_000010.png.overlay.png
samples/4f9030dc_2604200915401240.jpg: 33 masks; inference 1052.9 ms (image 825.4 ms, decoder 227.6 ms); /tmp/inference-engine-patch/rendered/4f9030dc_2604200915401240.jpg.overlay.png
samples/4fad083f_n10_c1_00003_frame_000044.jpg: 13 masks; inference 1090.7 ms (image 855.2 ms, decoder 235.5 ms); /tmp/inference-engine-patch/rendered/4fad083f_n10_c1_00003_frame_000044.jpg.overlay.png
samples/5a90ef1f_2605080908462660.jpg: 36 masks; inference 1095.5 ms (image 859.0 ms, decoder 236.5 ms); /tmp/inference-engine-patch/rendered/5a90ef1f_2605080908462660.jpg.overlay.png
samples/5f570347_1326-n0_c2_00002_frame_000040.jpg: 5 masks; inference 1056.3 ms (image 830.0 ms, decoder 226.3 ms); /tmp/inference-engine-patch/rendered/5f570347_1326-n0_c2_00002_frame_000040.jpg.overlay.png
samples/6aae4621_0625-n0_c1_00000_frame_000144.jpg: 73 masks; inference 1059.6 ms (image 831.4 ms, decoder 228.2 ms); /tmp/inference-engine-patch/rendered/6aae4621_0625-n0_c1_00000_frame_000144.jpg.overlay.png
samples/6ad5e979_1326-n0_c1_00001_frame_000178.jpg: 10 masks; inference 1067.7 ms (image 832.4 ms, decoder 235.3 ms); /tmp/inference-engine-patch/rendered/6ad5e979_1326-n0_c1_00001_frame_000178.jpg.overlay.png
samples/6af08969_1326-n2_c2_00000_frame_000056.jpg: 18 masks; inference 1094.6 ms (image 861.6 ms, decoder 232.9 ms); /tmp/inference-engine-patch/rendered/6af08969_1326-n2_c2_00000_frame_000056.jpg.overlay.png
samples/6c0be03f_1226-n0_c1_00000_frame_000422.jpg: 24 masks; inference 1062.2 ms (image 844.0 ms, decoder 218.2 ms); /tmp/inference-engine-patch/rendered/6c0be03f_1226-n0_c1_00000_frame_000422.jpg.overlay.png
samples/6d2dc069_1936-n0_c1_193626_043_frame_000038.png: 40 masks; inference 1061.2 ms (image 830.4 ms, decoder 230.8 ms); /tmp/inference-engine-patch/rendered/6d2dc069_1936-n0_c1_193626_043_frame_000038.png.overlay.png
samples/6dacbb03_1326-n2_c2_00000_frame_000086.jpg: 27 masks; inference 1050.6 ms (image 819.4 ms, decoder 231.1 ms); /tmp/inference-engine-patch/rendered/6dacbb03_1326-n2_c2_00000_frame_000086.jpg.overlay.png
Average inference: 1071.0 ms/image (0.93 images/s; image 838.9 ms, decoder 232.1 ms)

MONITOR_EXIT_CODE=0
